

================================================================
== Vivado HLS Report for 'Block_myproject_axi_exit1109_proc'
================================================================
* Date:           Tue Jul 18 15:59:08 2023

* Version:        2019.2 (Build 2704478 on Wed Nov 06 22:10:23 MST 2019)
* Project:        myproject_prj
* Solution:       solution1
* Product family: zynq
* Target device:  xc7z020-clg400-1


================================================================
== Performance Estimates
================================================================
+ Timing: 
    * Summary: 
    +--------+---------+----------+------------+
    |  Clock |  Target | Estimated| Uncertainty|
    +--------+---------+----------+------------+
    |ap_clk  | 5.00 ns | 4.367 ns |   0.62 ns  |
    +--------+---------+----------+------------+

+ Latency: 
    * Summary: 
    +---------+---------+-----------+-----------+-----+-----+---------+
    |  Latency (cycles) |   Latency (absolute)  |  Interval | Pipeline|
    |   min   |   max   |    min    |    max    | min | max |   Type  |
    +---------+---------+-----------+-----------+-----+-----+---------+
    |       10|       10| 50.000 ns | 50.000 ns |   10|   10|   none  |
    +---------+---------+-----------+-----------+-----+-----+---------+

    + Detail: 
        * Instance: 
        N/A

        * Loop: 
        N/A



================================================================
== Utilization Estimates
================================================================
* Summary: 
+-----------------+---------+-------+--------+-------+-----+
|       Name      | BRAM_18K| DSP48E|   FF   |  LUT  | URAM|
+-----------------+---------+-------+--------+-------+-----+
|DSP              |        -|      -|       -|      -|    -|
|Expression       |        -|      -|      40|    683|    -|
|FIFO             |        -|      -|       -|      -|    -|
|Instance         |        -|      -|     280|    252|    -|
|Memory           |        -|      -|       -|      -|    -|
|Multiplexer      |        -|      -|       -|     89|    -|
|Register         |        -|      -|     485|      -|    -|
+-----------------+---------+-------+--------+-------+-----+
|Total            |        0|      0|     805|   1024|    0|
+-----------------+---------+-------+--------+-------+-----+
|Available        |      280|    220|  106400|  53200|    0|
+-----------------+---------+-------+--------+-------+-----+
|Utilization (%)  |        0|      0|   ~0   |      1|    0|
+-----------------+---------+-------+--------+-------+-----+

+ Detail: 
    * Instance: 
    +------------------------------------------+-------------------------------------+---------+-------+-----+-----+-----+
    |                 Instance                 |                Module               | BRAM_18K| DSP48E|  FF | LUT | URAM|
    +------------------------------------------+-------------------------------------+---------+-------+-----+-----+-----+
    |myproject_axi_lshr_32ns_32ns_32_2_1_U120  |myproject_axi_lshr_32ns_32ns_32_2_1  |        0|      0|  140|  126|    0|
    |myproject_axi_shl_64ns_32ns_64_2_1_U121   |myproject_axi_shl_64ns_32ns_64_2_1   |        0|      0|  140|  126|    0|
    +------------------------------------------+-------------------------------------+---------+-------+-----+-----+-----+
    |Total                                     |                                     |        0|      0|  280|  252|    0|
    +------------------------------------------+-------------------------------------+---------+-------+-----+-----+-----+

    * DSP48E: 
    N/A

    * Memory: 
    N/A

    * FIFO: 
    N/A

    * Expression: 
    +------------------------+----------+-------+----+-----+------------+------------+
    |      Variable Name     | Operation| DSP48E| FF | LUT | Bitwidth P0| Bitwidth P1|
    +------------------------+----------+-------+----+-----+------------+------------+
    |add_ln958_fu_180_p2     |     +    |      0|   0|   39|           6|          32|
    |add_ln964_fu_332_p2     |     +    |      0|   0|    8|           8|           8|
    |lsb_index_fu_160_p2     |     +    |      0|   0|   39|           6|          32|
    |m_2_fu_293_p2           |     +    |      0|   0|   71|          64|          64|
    |sub_ln944_fu_151_p2     |     -    |      0|   0|   39|           6|          32|
    |sub_ln947_fu_175_p2     |     -    |      0|   0|   15|           4|           6|
    |sub_ln958_fu_185_p2     |     -    |      0|   0|   39|           5|          32|
    |sub_ln964_fu_327_p2     |     -    |      0|   0|    8|           5|           8|
    |tmp_V_fu_114_p2         |     -    |      0|   0|   39|           1|          32|
    |a_fu_215_p2             |    and   |      0|   0|    2|           1|           1|
    |and_ln949_fu_240_p2     |    and   |      0|   0|    2|           1|           1|
    |p_Result_s_fu_204_p2    |    and   |      0|   0|   32|          32|          32|
    |l_fu_139_p3             |   cttz   |      0|  40|   36|          32|           0|
    |icmp_ln935_fu_119_p2    |   icmp   |      0|   0|   18|          32|           1|
    |icmp_ln947_1_fu_209_p2  |   icmp   |      0|   0|   18|          32|           1|
    |icmp_ln947_fu_190_p2    |   icmp   |      0|   0|   18|          31|           1|
    |icmp_ln958_fu_263_p2    |   icmp   |      0|   0|   18|          32|           1|
    |lshr_ln947_fu_198_p2    |   lshr   |      0|   0|  101|           2|          32|
    |ap_block_state1         |    or    |      0|   0|    2|           1|           1|
    |or_ln949_fu_246_p2      |    or    |      0|   0|    2|           1|           1|
    |m_1_fu_284_p3           |  select  |      0|   0|   64|           1|          64|
    |out_r_TDATA_int         |  select  |      0|   0|   32|           1|           1|
    |select_ln964_fu_317_p3  |  select  |      0|   0|    7|           1|           7|
    |tmp_V_3_fu_124_p3       |  select  |      0|   0|   32|           1|          32|
    |xor_ln949_fu_228_p2     |    xor   |      0|   0|    2|           1|           2|
    +------------------------+----------+-------+----+-----+------------+------------+
    |Total                   |          |      0|  40|  683|         307|         424|
    +------------------------+----------+-------+----+-----+------------+------------+

    * Multiplexer: 
    +----------------------------+----+-----------+-----+-----------+
    |            Name            | LUT| Input Size| Bits| Total Bits|
    +----------------------------+----+-----------+-----+-----------+
    |ap_NS_fsm                   |  53|         12|    1|         12|
    |ap_done                     |   9|          2|    1|          2|
    |is_last_1_i_0_loc_blk_n     |   9|          2|    1|          2|
    |out_local_V_data_0_V_blk_n  |   9|          2|    1|          2|
    |out_r_TDATA_blk_n           |   9|          2|    1|          2|
    +----------------------------+----+-----------+-----+-----------+
    |Total                       |  89|         20|    5|         20|
    +----------------------------+----+-----------+-----+-----------+

    * Register: 
    +--------------------------------+----+----+-----+-----------+
    |              Name              | FF | LUT| Bits| Const Bits|
    +--------------------------------+----+----+-----+-----------+
    |add_ln958_reg_447               |  32|   0|   32|          0|
    |ap_CS_fsm                       |  11|   0|   11|          0|
    |ap_done_reg                     |   1|   0|    1|          0|
    |icmp_ln935_reg_395              |   1|   0|    1|          0|
    |icmp_ln958_reg_467              |   1|   0|    1|          0|
    |is_last_1_i_0_loc_read_reg_372  |   1|   0|    1|          0|
    |l_reg_408                       |  32|   0|   32|          0|
    |lsb_index_reg_430               |  32|   0|   32|          0|
    |lshr_ln958_reg_477              |  32|   0|   32|          0|
    |m_5_reg_487                     |  63|   0|   63|          0|
    |or_ln_i_i_reg_457               |   1|   0|   32|         31|
    |p_Result_3_reg_384              |   1|   0|    1|          0|
    |select_ln964_reg_497            |   1|   0|    8|          7|
    |shl_ln958_reg_482               |  64|   0|   64|          0|
    |sub_ln944_reg_418               |  32|   0|   32|          0|
    |sub_ln947_reg_442               |   6|   0|    6|          0|
    |sub_ln958_reg_452               |  32|   0|   32|          0|
    |tmp_2_reg_492                   |   1|   0|    1|          0|
    |tmp_V_3_reg_400                 |  32|   0|   32|          0|
    |tmp_V_reg_390                   |  32|   0|   32|          0|
    |tmp_data_0_V_reg_377            |  32|   0|   32|          0|
    |tmp_reg_437                     |  31|   0|   31|          0|
    |trunc_ln943_reg_413             |   8|   0|    8|          0|
    |trunc_ln947_reg_425             |   6|   0|    6|          0|
    +--------------------------------+----+----+-----+-----------+
    |Total                           | 485|   0|  523|         38|
    +--------------------------------+----+----+-----+-----------+



================================================================
== Interface
================================================================
* Summary: 
+------------------------------+-----+-----+------------+------------------------------------+--------------+
|           RTL Ports          | Dir | Bits|  Protocol  |            Source Object           |    C Type    |
+------------------------------+-----+-----+------------+------------------------------------+--------------+
|ap_clk                        |  in |    1| ap_ctrl_hs | Block_myproject_axi_.exit1109_proc | return value |
|ap_rst                        |  in |    1| ap_ctrl_hs | Block_myproject_axi_.exit1109_proc | return value |
|ap_start                      |  in |    1| ap_ctrl_hs | Block_myproject_axi_.exit1109_proc | return value |
|ap_done                       | out |    1| ap_ctrl_hs | Block_myproject_axi_.exit1109_proc | return value |
|ap_continue                   |  in |    1| ap_ctrl_hs | Block_myproject_axi_.exit1109_proc | return value |
|ap_idle                       | out |    1| ap_ctrl_hs | Block_myproject_axi_.exit1109_proc | return value |
|ap_ready                      | out |    1| ap_ctrl_hs | Block_myproject_axi_.exit1109_proc | return value |
|out_local_V_data_0_V_dout     |  in |   32|   ap_fifo  |        out_local_V_data_0_V        |    pointer   |
|out_local_V_data_0_V_empty_n  |  in |    1|   ap_fifo  |        out_local_V_data_0_V        |    pointer   |
|out_local_V_data_0_V_read     | out |    1|   ap_fifo  |        out_local_V_data_0_V        |    pointer   |
|out_r_TDATA                   | out |   32|    axis    |              out_data              |    pointer   |
|out_r_TVALID                  | out |    1|    axis    |             out_last_V             |    pointer   |
|out_r_TREADY                  |  in |    1|    axis    |             out_last_V             |    pointer   |
|out_r_TLAST                   | out |    1|    axis    |             out_last_V             |    pointer   |
|is_last_1_i_0_loc_dout        |  in |    1|   ap_fifo  |          is_last_1_i_0_loc         |    pointer   |
|is_last_1_i_0_loc_empty_n     |  in |    1|   ap_fifo  |          is_last_1_i_0_loc         |    pointer   |
|is_last_1_i_0_loc_read        | out |    1|   ap_fifo  |          is_last_1_i_0_loc         |    pointer   |
+------------------------------+-----+-----+------------+------------------------------------+--------------+

